<!DOCTYPE html>
<html>
<head>
        <title>expected (expectations.expected)</title>
	<meta charset="utf-8" />
	<meta content="width=device-width, initial-scale=1" name="viewport" />
        <link rel="stylesheet" href="style.css" />
        <script type="text/javascript" src="script.js"></script>

	
	<link rel="prefetch" href="search-results.html" />
</head>
<body>
	<div id="page-header">
		<div id="logotype">
		<span>Documentation</span>
		<nav>
			<a href="http://dlang.org/">Dlang.org</a>
		</nav>
		</div>

		<form action="search-docs.html" id="search">
			<input type="search" placeholder="Find a symbol name..." name="searchTerm" />
			<input type="submit" value="Go" />
		</form>
	</div>
	<div id="page-body">
		<div id="page-content">
		<h1>expected</h1><div class="breadcrumbs"><a href="expectations.html" class="breadcrumb">expectations</a></div><div><div class="documentation-comment synopsis"><div><p>Creates an <tt class="inline-code">Expected</tt> object from an expected value, with type inference.</p></div></div></div><div class="annotated-prototype"><div class="function-prototype"><div class="attributes"></div><div class="return-type"><a data-ident="Expected" href="expectations.Expected.html" title="expectations.Expected" class="name">Expected</a>!(<span data-ident="T" class="name">T</span>, <span data-ident="E" class="name">E</span>)</div><div class="function-name">expected</div><div class="template-parameters">(<div class="parameters-list toplevel"><div class="template-parameter-item parameter-item">	<span><span data-ident="T" class="name">T</span></span></div><div class="template-parameter-item parameter-item">	<span><span data-ident="E" class="name">E</span> = <span data-ident="Exception" class="name">Exception</span></span></div></div>)</div><div class="runtime-parameters">(<div class="parameters-list toplevel"><div class="runtime-parameter-item parameter-item"><span class="parameter-type-holder"><span class="parameter-type"><span data-ident="T" class="name">T</span></span></span> <span data-ident="value" class="parameter-name name"><a href="#param-value">value</a></span></div></div>)</div><div class="function-contracts"></div></div></div><div><h2 id="meta"><a href="#meta" class="header-anchor">Meta</a></h2><div class="documentation-comment source-section other-section"><h3 id="source"><a href="#source" class="header-anchor">Source</a></h3><div><p><a href="source/expectations.d.html#L367">See Implementation</a><br /></p></div></div></div></div>
		<div id="page-nav"><a href="expectations.html" class="parent">expectations</a>
		<span class="type-separator">classes</span><ul><li><a href="expectations.Unexpected.html" class="class">Unexpected</a></li></ul><span class="type-separator">functions</span><ul><li><a href="expectations.expected.html" class="function current">expected</a></li><li><a href="expectations.missing.html" class="function">missing</a></li></ul><span class="type-separator">structs</span><ul><li><a href="expectations.Expected.html" class="struct">Expected</a></li></ul><span class="type-separator">templates</span><ul><li><a href="expectations.flatMap.html" class="template">flatMap</a></li><li><a href="expectations.map.html" class="template">map</a></li></ul></div>
	</div>
	<div id="page-footer">Page generated by <a href="https://github.com/adamdruppe/adrdox">adrdox</a></div>
</body>
</html>